=== GTFS Schedule Generator ===

Step 1: Loading calendar.txt...
  Today is sunday, date: 20260104
  Found 6 active service IDs for today

Step 1.5: Loading routes.txt for shortName mapping...
  Loaded 238 route shortName mappings
    Sample mapping: route_id="37807" -> shortName="R5"
    Sample mapping: route_id="30051" -> shortName="189"
    Sample mapping: route_id="30050" -> shortName="187"
    Sample mapping: route_id="30055" -> shortName="023"
    Sample mapping: route_id="34044" -> shortName="560"

Step 2: Loading trips.txt...
  DEBUG first row keys: block_id, bikes_allowed, route_id, wheelchair_accessible, direction_id, trip_headsign, shape_id, service_id, trip_id, trip_short_name
  DEBUG first row route_id: 37809
  DEBUG first row trip_id: 14733170
  DEBUG first row service_id: 2_merged_15070407
  Processed 10,000 rows...
  Processed 20,000 rows...
  Processed 30,000 rows...
  Processed 40,000 rows...
  Processed 50,000 rows...
  Processed 60,000 rows...
  Processed 70,000 rows...
  Processed 80,000 rows...
  Processed 90,000 rows...
  Processed 100,000 rows...
  Processed 110,000 rows...
  Processed 120,000 rows...
  Processed 130,000 rows...
  Processed 140,000 rows...
  Loaded 34,160 active trips for today

Step 3: Processing stop_times.txt (this may take a while)...
  Processed 50,000 rows...
  Processed 100,000 rows...
  Processed 150,000 rows...
  Processed 200,000 rows...
  Processed 250,000 rows...
  Processed 300,000 rows...
  Processed 350,000 rows...
  Processed 400,000 rows...
  Processed 450,000 rows...
  Processed 500,000 rows...
  Processed 550,000 rows...
  Processed 600,000 rows...
  Processed 650,000 rows...
  Processed 700,000 rows...
  Processed 750,000 rows...
  Processed 800,000 rows...
  Processed 850,000 rows...
  Processed 900,000 rows...
  Processed 950,000 rows...
  Processed 1,000,000 rows...
  Processed 1,050,000 rows...
  Processed 1,100,000 rows...
  Processed 1,150,000 rows...
  Processed 1,200,000 rows...
  Processed 1,250,000 rows...
  Processed 1,300,000 rows...
  Processed 1,350,000 rows...
  Processed 1,400,000 rows...
  Processed 1,450,000 rows...
  Processed 1,500,000 rows...
  Processed 1,550,000 rows...
  Processed 1,600,000 rows...
  Processed 1,650,000 rows...
  Processed 1,700,000 rows...
  Processed 1,750,000 rows...
  Processed 1,800,000 rows...
  Processed 1,850,000 rows...
  Processed 1,900,000 rows...
  Processed 1,950,000 rows...
  Processed 2,000,000 rows...
  Processed 2,050,000 rows...
  Processed 2,100,000 rows...
  Processed 2,150,000 rows...
  Processed 2,200,000 rows...
  Processed 2,250,000 rows...
  Processed 2,300,000 rows...
  Processed 2,350,000 rows...
  Processed 2,400,000 rows...
  Processed 2,450,000 rows...
  Processed 2,500,000 rows...
  Processed 2,550,000 rows...
  Processed 2,600,000 rows...
  Processed 2,650,000 rows...
  Processed 2,700,000 rows...
  Processed 2,750,000 rows...
  Processed 2,800,000 rows...
  Processed 2,850,000 rows...
  Processed 2,900,000 rows...
  Processed 2,950,000 rows...
  Processed 3,000,000 rows...
  Processed 3,050,000 rows...
  Processed 3,100,000 rows...
  Processed 3,150,000 rows...
  Processed 3,200,000 rows...
  Processed 3,250,000 rows...
  Processed 3,300,000 rows...
  Processed 3,350,000 rows...
  Processed 3,400,000 rows...
  Processed 3,450,000 rows...
  Processed 3,500,000 rows...
  Processed 3,550,000 rows...
  Processed 3,600,000 rows...
  Processed 3,650,000 rows...
  Processed 3,700,000 rows...
  Processed 3,750,000 rows...
  Processed 3,800,000 rows...
  Processed 3,850,000 rows...
  Processed 3,900,000 rows...
  Processed 3,950,000 rows...
  Processed 4,000,000 rows...
  Processed 4,050,000 rows...
  Processed 4,100,000 rows...
  Processed 4,150,000 rows...
  Processed 4,189,219 stop_time rows
  Found 218,889 relevant departures
  Created 12,504 route+stop+direction combinations

Step 4: Generating TypeScript output...
  Created schedule data keyed by route short names (e.g., "2", "R5")

Γ£à Generated scheduleData.ts (2.37 MB)
   Contains 199 routes
   Valid for 24 hours from now
